// Jest Snapshot v1, https://goo.gl/fbAQLP

exports[`Home Page should match the snapshot 1`] = `
<div
  className="bg-image"
>
  <div
    className="d-flex justify-content-between"
  >
    <ul
      className="d-none d-md-block m-4"
    >
      <h1
        className="text-dark font-weight-bold"
      >
        Mathemagician
      </h1>
    </ul>
    <ul
      className="nav m-4"
    >
      <li
        className="nav-item"
      >
        <a
          className="nav-link active text-dark font-weight-bold"
          href="/"
          onClick={[Function]}
        >
          Home
        </a>
      </li>
      <li
        className="nav-item"
      >
        <a
          className="nav-link text-dark font-weight-bolder"
          href="/calculator"
          onClick={[Function]}
        >
          Calculator
        </a>
      </li>
      <li
        className="nav-item"
      >
        <a
          className="nav-link text-dark font-weight-bold"
          href="/quotes"
          onClick={[Function]}
        >
          Quotes
        </a>
      </li>
    </ul>
  </div>
</div>
`;
