// Jest Snapshot v1, https://goo.gl/fbAQLP

exports[`Home Page should match the snapshot 1`] = `
Array [
  <div
    className="d-flex justify-content-between"
  >
    <ul
      className="d-none d-md-block m-4"
    >
      <h1
        className="text-dark font-weight-bold"
      >
        Mathemagician
      </h1>
    </ul>
    <ul
      className="nav m-4"
    >
      <li
        className="nav-item"
      >
        <a
          className="nav-link active text-dark font-weight-bold"
          href="/"
          onClick={[Function]}
        >
          Home
        </a>
      </li>
      <li
        className="nav-item"
      >
        <a
          className="nav-link text-dark font-weight-bolder"
          href="/calculator"
          onClick={[Function]}
        >
          Calculator
        </a>
      </li>
      <li
        className="nav-item"
      >
        <a
          className="nav-link text-dark font-weight-bold"
          href="/quotes"
          onClick={[Function]}
        >
          Quotes
        </a>
      </li>
    </ul>
  </div>,
  <div
    className="bg-secondary mt-5 display"
  >
    <h6
      className="m-1 p-4"
    >
      0
    </h6>
  </div>,
  <div
    className="buttonPanel"
  >
    <div
      className="row mt-2 btnPanel"
    >
      <div
        className="col-12"
      >
        <button
          className="button buttons"
          onClick={[Function]}
          type="button"
        >
          AC
        </button>
        <button
          className="button buttons"
          onClick={[Function]}
          type="button"
        >
          +/-
        </button>
        <button
          className="button buttons"
          onClick={[Function]}
          type="button"
        >
          %
        </button>
        <button
          className="button buttons"
          onClick={[Function]}
          type="button"
        >
          รท
        </button>
      </div>
      <div
        className="col-12"
      >
        <button
          className="number buttons"
          onClick={[Function]}
          type="button"
        >
          7
        </button>
        <button
          className="number buttons"
          onClick={[Function]}
          type="button"
        >
          8
        </button>
        <button
          className="number buttons"
          onClick={[Function]}
          type="button"
        >
          9
        </button>
        <button
          className="button buttons"
          onClick={[Function]}
          type="button"
        >
          x
        </button>
      </div>
      <div
        className="col-12"
      >
        <button
          className="number buttons"
          onClick={[Function]}
          type="button"
        >
          4
        </button>
        <button
          className="number buttons"
          onClick={[Function]}
          type="button"
        >
          5
        </button>
        <button
          className="number buttons"
          onClick={[Function]}
          type="button"
        >
          6
        </button>
        <button
          className="button buttons"
          onClick={[Function]}
          type="button"
        >
          -
        </button>
      </div>
      <div
        className="col-12"
      >
        <button
          className="number buttons"
          onClick={[Function]}
          type="button"
        >
          1
        </button>
        <button
          className="number buttons"
          onClick={[Function]}
          type="button"
        >
          2
        </button>
        <button
          className="number buttons"
          onClick={[Function]}
          type="button"
        >
          3
        </button>
        <button
          className="button buttons"
          onClick={[Function]}
          type="button"
        >
          +
        </button>
      </div>
      <div
        className="col-12"
      >
        <button
          className="number buttons"
          onClick={[Function]}
          type="button"
        >
          0
        </button>
        <button
          className="number buttons"
          onClick={[Function]}
          type="button"
        >
          .
        </button>
        <button
          className="button button-eql"
          onClick={[Function]}
          type="button"
        >
          =
        </button>
      </div>
    </div>
  </div>,
]
`;
